// Jest Snapshot v1, https://goo.gl/fbAQLP

exports[`does not have changes from snapshot 1`] = `
<DocumentFragment>
  .c6 {
  margin: 0;
  font-family: "游ゴシック体","Yu Gothic",YuGothic,"ヒラギノ角ゴシック Pro","Hiragino Kaku Gothic Pro",メイリオ,Meiryo,sans-serif;
  font-size: 14px;
}

.c12 {
  display: -webkit-box;
  display: -webkit-flex;
  display: -ms-flexbox;
  display: flex;
  -webkit-flex-flow: row nowrap;
  -ms-flex-flow: row nowrap;
  flex-flow: row nowrap;
}

.c14 {
  margin: 0;
  font-family: "游ゴシック体","Yu Gothic",YuGothic,"ヒラギノ角ゴシック Pro","Hiragino Kaku Gothic Pro",メイリオ,Meiryo,sans-serif;
  margin-left: 4px;
  overflow: hidden;
  line-height: 1.2;
  text-overflow: ellipsis;
  white-space: nowrap;
}

.c9 {
  background-color: #178600;
  border-radius: 9999px;
}

.c8 {
  display: -webkit-box;
  display: -webkit-flex;
  display: -ms-flexbox;
  display: flex;
  -webkit-flex-flow: row nowrap;
  -ms-flex-flow: row nowrap;
  flex-flow: row nowrap;
}

.c10 {
  width: 16px;
  height: 16px;
}

.c11 {
  margin: 0;
  font-family: "游ゴシック体","Yu Gothic",YuGothic,"ヒラギノ角ゴシック Pro","Hiragino Kaku Gothic Pro",メイリオ,Meiryo,sans-serif;
  font-size: 14px;
  margin-left: 4px;
  line-height: 1.3;
  color: #888;
}

.c4 {
  color: inherit;
  -webkit-text-decoration: none;
  text-decoration: none;
}

.c1 {
  display: -webkit-box;
  display: -webkit-flex;
  display: -ms-flexbox;
  display: flex;
  -webkit-flex-flow: row nowrap;
  -ms-flex-flow: row nowrap;
  flex-flow: row nowrap;
}

.c3 {
  margin: 0;
  font-family: "游ゴシック体","Yu Gothic",YuGothic,"ヒラギノ角ゴシック Pro","Hiragino Kaku Gothic Pro",メイリオ,Meiryo,sans-serif;
  margin-left: 4px;
  overflow: hidden;
  line-height: 1.2;
  text-overflow: ellipsis;
  white-space: nowrap;
}

.c0 {
  display: -webkit-box;
  display: -webkit-flex;
  display: -ms-flexbox;
  display: flex;
  -webkit-flex-flow: column nowrap;
  -ms-flex-flow: column nowrap;
  flex-flow: column nowrap;
  height: calc(100% - 32px);
  max-height: 100%;
  padding: 16px;
  border: 1px solid #ccc;
  border-radius: 4px;
}

.c2 {
  color: #333;
}

.c5 {
  display: -webkit-box;
  -webkit-flex: 1 1 auto;
  -ms-flex: 1 1 auto;
  flex: 1 1 auto;
  margin: 5px 0;
  overflow: hidden;
  line-height: 1.3;
  color: #888;
  text-overflow: ellipsis;
  -webkit-box-orient: vertical;
  -webkit-line-clamp: 0;
}

.c15 {
  margin-left: 10px;
  color: #888;
}

.c7 {
  display: -webkit-box;
  display: -webkit-flex;
  display: -ms-flexbox;
  display: flex;
  -webkit-flex-flow: row nowrap;
  -ms-flex-flow: row nowrap;
  flex-flow: row nowrap;
  font-size: 14px;
}

.c13 {
  margin-left: 10px;
  color: #888;
}

<div
    class="c0"
  >
    <div
      class="c1 c2"
    >
      <i
        class="fal fa-book fa-fw"
      />
      <p
        class="sc-AxjAm c3"
      >
        <a
          class="c4"
          href="https://github.com/mika-sandbox/dotnet-window-capture"
          rel="noreferrer noopener"
          target="_blank"
        >
          mika-sandbox/dotnet-window-capture
        </a>
      </p>
    </div>
    <div
      class="c5"
    >
      <p
        class="sc-AxjAm c6"
      >
        Lorem ipsum dolor sit amet, consectetur adipisicing elit, sed do eiusmod tempor incididunt ut labore et dolore magna aliqua.
      </p>
    </div>
    <div
      class="c7"
    >
      <div
        class="c8"
      >
        <div
          class="c9 c10"
          color="#178600"
        />
        <p
          class="sc-AxjAm c11"
        >
          C#
        </p>
      </div>
      <div
        class="c12 c13"
      >
        <i
          class="fas fa-star fa-fw"
        />
        <p
          class="sc-AxjAm c14"
        >
          12
        </p>
      </div>
      <div
        class="c12 c15"
      >
        <i
          class="fal fa-code-branch fa-fw"
        />
        <p
          class="sc-AxjAm c14"
        >
          1
        </p>
      </div>
    </div>
  </div>
</DocumentFragment>
`;
