// Jest Snapshot v1, https://goo.gl/fbAQLP

exports[`does not have changes from snapshot in Heading2 1`] = `
<DocumentFragment>
  .c0 {
  font-family: "游ゴシック体","Yu Gothic",YuGothic,"ヒラギノ角ゴシック Pro","Hiragino Kaku Gothic Pro",メイリオ,Meiryo,sans-serif;
  font-size: 21px;
  font-weight: normal;
}

<h2
    class="c0"
  >
    Heading 2
  </h2>
</DocumentFragment>
`;
