// Jest Snapshot v1, https://goo.gl/fbAQLP

exports[`does not have changes from snapshot 1`] = `
<DocumentFragment>
  .c1 {
  background-color: #178600;
  border-radius: 9999px;
}

.c0 {
  display: -webkit-box;
  display: -webkit-flex;
  display: -ms-flexbox;
  display: flex;
  -webkit-flex-flow: row nowrap;
  -ms-flex-flow: row nowrap;
  flex-flow: row nowrap;
}

.c2 {
  width: 16px;
  height: 16px;
}

.c3 {
  margin: 0;
  font-family: "游ゴシック体","Yu Gothic",YuGothic,"ヒラギノ角ゴシック Pro","Hiragino Kaku Gothic Pro",メイリオ,Meiryo,sans-serif;
  font-size: 14px;
  margin-left: 4px;
  line-height: 1.3;
  color: #888;
}

<div
    class="c0"
  >
    <div
      class="c1 c2"
      color="#178600"
    />
    <p
      class="sc-AxirZ sc-AxhCb c3"
    >
      C#
    </p>
  </div>
</DocumentFragment>
`;
